Analysis & Synthesis report for EightbitKogStonAddSub
Sat Mar 13 17:38:34 2021
Quartus Prime Version 20.1.0 Build 711 06/05/2020 SJ Lite Edition


---------------------
; Table of Contents ;
---------------------
  1. Legal Notice
  2. Analysis & Synthesis Summary
  3. Analysis & Synthesis Settings
  4. Parallel Compilation
  5. Analysis & Synthesis Source Files Read
  6. Analysis & Synthesis Resource Usage Summary
  7. Analysis & Synthesis Resource Utilization by Entity
  8. General Register Statistics
  9. Port Connectivity Checks: "AdderPrefix:prefix|AdderCombine:step1_chip0|ORMux:chip1|TwoByOneMux:chip2"
 10. Port Connectivity Checks: "AdderPreprocess:preprocess|GenAndProp:chip0|Generator:chip1|ANDMux:chip2|TwoByOneMux:chip2"
 11. Port Connectivity Checks: "VectorXORMux2:complement|XORMux:chip0|NOTMux:chip1|TwoByOneMux:chip2"
 12. Analysis & Synthesis Messages



----------------
; Legal Notice ;
----------------
Copyright (C) 2020  Intel Corporation. All rights reserved.
Your use of Intel Corporation's design tools, logic functions 
and other software and tools, and any partner logic 
functions, and any output files from any of the foregoing 
(including device programming or simulation files), and any 
associated documentation or information are expressly subject 
to the terms and conditions of the Intel Program License 
Subscription Agreement, the Intel Quartus Prime License Agreement,
the Intel FPGA IP License Agreement, or other applicable license
agreement, including, without limitation, that your use is for
the sole purpose of programming logic devices manufactured by
Intel and sold by Intel or its authorized distributors.  Please
refer to the applicable agreement for further details, at
https://fpgasoftware.intel.com/eula.



+---------------------------------------------------------------------------+
; Analysis & Synthesis Summary                                              ;
+-----------------------------+---------------------------------------------+
; Analysis & Synthesis Status ; Successful - Sat Mar 13 17:38:34 2021       ;
; Quartus Prime Version       ; 20.1.0 Build 711 06/05/2020 SJ Lite Edition ;
; Revision Name               ; EightbitKogStonAddSub                       ;
; Top-level Entity Name       ; EightbitKogStonAddSub                       ;
; Family                      ; MAX V                                       ;
; Total logic elements        ; 37                                          ;
; Total pins                  ; 26                                          ;
; Total virtual pins          ; 0                                           ;
; UFM blocks                  ; 0 / 1 ( 0 % )                               ;
+-----------------------------+---------------------------------------------+


+------------------------------------------------------------------------------------------------------------------+
; Analysis & Synthesis Settings                                                                                    ;
+------------------------------------------------------------------+-----------------------+-----------------------+
; Option                                                           ; Setting               ; Default Value         ;
+------------------------------------------------------------------+-----------------------+-----------------------+
; Top-level entity name                                            ; EightbitKogStonAddSub ; EightbitKogStonAddSub ;
; Family name                                                      ; MAX V                 ; Cyclone V             ;
; Use smart compilation                                            ; Off                   ; Off                   ;
; Enable parallel Assembler and Timing Analyzer during compilation ; On                    ; On                    ;
; Enable compact report table                                      ; Off                   ; Off                   ;
; Restructure Multiplexers                                         ; Auto                  ; Auto                  ;
; Create Debugging Nodes for IP Cores                              ; Off                   ; Off                   ;
; Preserve fewer node names                                        ; On                    ; On                    ;
; Intel FPGA IP Evaluation Mode                                    ; Enable                ; Enable                ;
; Verilog Version                                                  ; Verilog_2001          ; Verilog_2001          ;
; VHDL Version                                                     ; VHDL_1993             ; VHDL_1993             ;
; State Machine Processing                                         ; Auto                  ; Auto                  ;
; Safe State Machine                                               ; Off                   ; Off                   ;
; Extract Verilog State Machines                                   ; On                    ; On                    ;
; Extract VHDL State Machines                                      ; On                    ; On                    ;
; Ignore Verilog initial constructs                                ; Off                   ; Off                   ;
; Iteration limit for constant Verilog loops                       ; 5000                  ; 5000                  ;
; Iteration limit for non-constant Verilog loops                   ; 250                   ; 250                   ;
; Add Pass-Through Logic to Inferred RAMs                          ; On                    ; On                    ;
; Infer RAMs from Raw Logic                                        ; On                    ; On                    ;
; Parallel Synthesis                                               ; On                    ; On                    ;
; NOT Gate Push-Back                                               ; On                    ; On                    ;
; Power-Up Don't Care                                              ; On                    ; On                    ;
; Remove Redundant Logic Cells                                     ; Off                   ; Off                   ;
; Remove Duplicate Registers                                       ; On                    ; On                    ;
; Ignore CARRY Buffers                                             ; Off                   ; Off                   ;
; Ignore CASCADE Buffers                                           ; Off                   ; Off                   ;
; Ignore GLOBAL Buffers                                            ; Off                   ; Off                   ;
; Ignore ROW GLOBAL Buffers                                        ; Off                   ; Off                   ;
; Ignore LCELL Buffers                                             ; Off                   ; Off                   ;
; Ignore SOFT Buffers                                              ; On                    ; On                    ;
; Limit AHDL Integers to 32 Bits                                   ; Off                   ; Off                   ;
; Optimization Technique                                           ; Balanced              ; Balanced              ;
; Carry Chain Length                                               ; 70                    ; 70                    ;
; Auto Carry Chains                                                ; On                    ; On                    ;
; Auto Open-Drain Pins                                             ; On                    ; On                    ;
; Perform WYSIWYG Primitive Resynthesis                            ; Off                   ; Off                   ;
; Auto Shift Register Replacement                                  ; Auto                  ; Auto                  ;
; Allow Shift Register Merging across Hierarchies                  ; Auto                  ; Auto                  ;
; Auto Clock Enable Replacement                                    ; On                    ; On                    ;
; Allow Synchronous Control Signals                                ; On                    ; On                    ;
; Force Use of Synchronous Clear Signals                           ; Off                   ; Off                   ;
; Auto Resource Sharing                                            ; Off                   ; Off                   ;
; Use LogicLock Constraints during Resource Balancing              ; On                    ; On                    ;
; Ignore translate_off and synthesis_off directives                ; Off                   ; Off                   ;
; Report Parameter Settings                                        ; On                    ; On                    ;
; Report Source Assignments                                        ; On                    ; On                    ;
; Report Connectivity Checks                                       ; On                    ; On                    ;
; Ignore Maximum Fan-Out Assignments                               ; Off                   ; Off                   ;
; Synchronization Register Chain Length                            ; 2                     ; 2                     ;
; Power Optimization During Synthesis                              ; Normal compilation    ; Normal compilation    ;
; HDL message level                                                ; Level2                ; Level2                ;
; Suppress Register Optimization Related Messages                  ; Off                   ; Off                   ;
; Number of Removed Registers Reported in Synthesis Report         ; 5000                  ; 5000                  ;
; Number of Swept Nodes Reported in Synthesis Report               ; 5000                  ; 5000                  ;
; Number of Inverted Registers Reported in Synthesis Report        ; 100                   ; 100                   ;
; Clock MUX Protection                                             ; On                    ; On                    ;
; Block Design Naming                                              ; Auto                  ; Auto                  ;
; Synthesis Effort                                                 ; Auto                  ; Auto                  ;
; Shift Register Replacement - Allow Asynchronous Clear Signal     ; On                    ; On                    ;
; Analysis & Synthesis Message Level                               ; Medium                ; Medium                ;
; Disable Register Merging Across Hierarchies                      ; Auto                  ; Auto                  ;
+------------------------------------------------------------------+-----------------------+-----------------------+


+------------------------------------------+
; Parallel Compilation                     ;
+----------------------------+-------------+
; Processors                 ; Number      ;
+----------------------------+-------------+
; Number detected on machine ; 12          ;
; Maximum allowed            ; 6           ;
;                            ;             ;
; Average used               ; 1.00        ;
; Maximum used               ; 1           ;
;                            ;             ;
; Usage by Processor         ; % Time Used ;
;     Processor 1            ; 100.0%      ;
+----------------------------+-------------+


+-----------------------------------------------------------------------------------------------------------------------------------------------------------+
; Analysis & Synthesis Source Files Read                                                                                                                    ;
+----------------------------------+-----------------+-----------------+--------------------------------------------------------------------------+---------+
; File Name with User-Entered Path ; Used in Netlist ; File Type       ; File Name with Absolute Path                                             ; Library ;
+----------------------------------+-----------------+-----------------+--------------------------------------------------------------------------+---------+
; AndGate.vhd                      ; yes             ; User VHDL File  ; D:/Courses/Sem4/cs226_digital_logic/CS254/lab5/AndGate.vhd               ;         ;
; TwoByOneMux.vhd                  ; yes             ; User VHDL File  ; D:/Courses/Sem4/cs226_digital_logic/CS254/lab5/TwoByOneMux.vhd           ;         ;
; ORMux.vhd                        ; yes             ; User VHDL File  ; D:/Courses/Sem4/cs226_digital_logic/CS254/lab5/ORMux.vhd                 ;         ;
; OrGate.vhd                       ; yes             ; User VHDL File  ; D:/Courses/Sem4/cs226_digital_logic/CS254/lab5/OrGate.vhd                ;         ;
; NotGate.vhd                      ; yes             ; User VHDL File  ; D:/Courses/Sem4/cs226_digital_logic/CS254/lab5/NotGate.vhd               ;         ;
; ANDMux.vhd                       ; yes             ; User VHDL File  ; D:/Courses/Sem4/cs226_digital_logic/CS254/lab5/ANDMux.vhd                ;         ;
; Generator.vhd                    ; yes             ; User VHDL File  ; D:/Courses/Sem4/cs226_digital_logic/CS254/lab5/Generator.vhd             ;         ;
; NOTMux.vhd                       ; yes             ; User VHDL File  ; D:/Courses/Sem4/cs226_digital_logic/CS254/lab5/NOTMux.vhd                ;         ;
; XORMux.vhd                       ; yes             ; User VHDL File  ; D:/Courses/Sem4/cs226_digital_logic/CS254/lab5/XORMux.vhd                ;         ;
; Propogate.vhd                    ; yes             ; User VHDL File  ; D:/Courses/Sem4/cs226_digital_logic/CS254/lab5/Propogate.vhd             ;         ;
; GenAndProp.vhd                   ; yes             ; User VHDL File  ; D:/Courses/Sem4/cs226_digital_logic/CS254/lab5/GenAndProp.vhd            ;         ;
; AdderPreprocess.vhd              ; yes             ; User VHDL File  ; D:/Courses/Sem4/cs226_digital_logic/CS254/lab5/AdderPreprocess.vhd       ;         ;
; EightbitKogStonAddSub.vhd        ; yes             ; User VHDL File  ; D:/Courses/Sem4/cs226_digital_logic/CS254/lab5/EightbitKogStonAddSub.vhd ;         ;
; AdderCombine.vhd                 ; yes             ; User VHDL File  ; D:/Courses/Sem4/cs226_digital_logic/CS254/lab5/AdderCombine.vhd          ;         ;
; AdderPrefix.vhd                  ; yes             ; User VHDL File  ; D:/Courses/Sem4/cs226_digital_logic/CS254/lab5/AdderPrefix.vhd           ;         ;
; Carry.vhd                        ; yes             ; User VHDL File  ; D:/Courses/Sem4/cs226_digital_logic/CS254/lab5/Carry.vhd                 ;         ;
; VectorXORMux.vhd                 ; yes             ; User VHDL File  ; D:/Courses/Sem4/cs226_digital_logic/CS254/lab5/VectorXORMux.vhd          ;         ;
; Testbench.vhd                    ; yes             ; User VHDL File  ; D:/Courses/Sem4/cs226_digital_logic/CS254/lab5/Testbench.vhd             ;         ;
+----------------------------------+-----------------+-----------------+--------------------------------------------------------------------------+---------+


+-----------------------------------------------------+
; Analysis & Synthesis Resource Usage Summary         ;
+---------------------------------------------+-------+
; Resource                                    ; Usage ;
+---------------------------------------------+-------+
; Total logic elements                        ; 37    ;
;     -- Combinational with no register       ; 37    ;
;     -- Register only                        ; 0     ;
;     -- Combinational with a register        ; 0     ;
;                                             ;       ;
; Logic element usage by number of LUT inputs ;       ;
;     -- 4 input functions                    ; 20    ;
;     -- 3 input functions                    ; 15    ;
;     -- 2 input functions                    ; 2     ;
;     -- 1 input functions                    ; 0     ;
;     -- 0 input functions                    ; 0     ;
;                                             ;       ;
; Logic elements by mode                      ;       ;
;     -- normal mode                          ; 37    ;
;     -- arithmetic mode                      ; 0     ;
;     -- qfbk mode                            ; 0     ;
;     -- register cascade mode                ; 0     ;
;     -- synchronous clear/load mode          ; 0     ;
;     -- asynchronous clear/load mode         ; 0     ;
;                                             ;       ;
; Total registers                             ; 0     ;
; I/O pins                                    ; 26    ;
; Maximum fan-out node                        ; cin   ;
; Maximum fan-out                             ; 24    ;
; Total fan-out                               ; 138   ;
; Average fan-out                             ; 2.19  ;
+---------------------------------------------+-------+


+------------------------------------------------------------------------------------------------------------------------------------------------------------------------------------------------------------------------------------------------------------------------------------------------------------------------------------------------------------------+
; Analysis & Synthesis Resource Utilization by Entity                                                                                                                                                                                                                                                                                                              ;
+------------------------------------+-------------+--------------+------------+------+--------------+--------------+-------------------+------------------+-----------------+------------+---------------------------------------------------------------------------------------------------------------------------------+-----------------------+--------------+
; Compilation Hierarchy Node         ; Logic Cells ; LC Registers ; UFM Blocks ; Pins ; Virtual Pins ; LUT-Only LCs ; Register-Only LCs ; LUT/Register LCs ; Carry Chain LCs ; Packed LCs ; Full Hierarchy Name                                                                                                             ; Entity Name           ; Library Name ;
+------------------------------------+-------------+--------------+------------+------+--------------+--------------+-------------------+------------------+-----------------+------------+---------------------------------------------------------------------------------------------------------------------------------+-----------------------+--------------+
; |EightbitKogStonAddSub             ; 37 (0)      ; 0            ; 0          ; 26   ; 0            ; 37 (0)       ; 0 (0)             ; 0 (0)            ; 0 (0)           ; 0 (0)      ; |EightbitKogStonAddSub                                                                                                          ; EightbitKogStonAddSub ; work         ;
;    |AdderPrefix:prefix|            ; 3 (0)       ; 0            ; 0          ; 0    ; 0            ; 3 (0)        ; 0 (0)             ; 0 (0)            ; 0 (0)           ; 0 (0)      ; |EightbitKogStonAddSub|AdderPrefix:prefix                                                                                       ; AdderPrefix           ; work         ;
;       |AdderCombine:step1_chip2|   ; 1 (0)       ; 0            ; 0          ; 0    ; 0            ; 1 (0)        ; 0 (0)             ; 0 (0)            ; 0 (0)           ; 0 (0)      ; |EightbitKogStonAddSub|AdderPrefix:prefix|AdderCombine:step1_chip2                                                              ; AdderCombine          ; work         ;
;          |ANDMux:chip0|            ; 1 (0)       ; 0            ; 0          ; 0    ; 0            ; 1 (0)        ; 0 (0)             ; 0 (0)            ; 0 (0)           ; 0 (0)      ; |EightbitKogStonAddSub|AdderPrefix:prefix|AdderCombine:step1_chip2|ANDMux:chip0                                                 ; ANDMux                ; work         ;
;             |TwoByOneMux:chip2|    ; 1 (0)       ; 0            ; 0          ; 0    ; 0            ; 1 (0)        ; 0 (0)             ; 0 (0)            ; 0 (0)           ; 0 (0)      ; |EightbitKogStonAddSub|AdderPrefix:prefix|AdderCombine:step1_chip2|ANDMux:chip0|TwoByOneMux:chip2                               ; TwoByOneMux           ; work         ;
;                |AndGate:Chip2|     ; 1 (1)       ; 0            ; 0          ; 0    ; 0            ; 1 (1)        ; 0 (0)             ; 0 (0)            ; 0 (0)           ; 0 (0)      ; |EightbitKogStonAddSub|AdderPrefix:prefix|AdderCombine:step1_chip2|ANDMux:chip0|TwoByOneMux:chip2|AndGate:Chip2                 ; AndGate               ; work         ;
;       |AdderCombine:step1_chip4|   ; 1 (0)       ; 0            ; 0          ; 0    ; 0            ; 1 (0)        ; 0 (0)             ; 0 (0)            ; 0 (0)           ; 0 (0)      ; |EightbitKogStonAddSub|AdderPrefix:prefix|AdderCombine:step1_chip4                                                              ; AdderCombine          ; work         ;
;          |ANDMux:chip0|            ; 1 (0)       ; 0            ; 0          ; 0    ; 0            ; 1 (0)        ; 0 (0)             ; 0 (0)            ; 0 (0)           ; 0 (0)      ; |EightbitKogStonAddSub|AdderPrefix:prefix|AdderCombine:step1_chip4|ANDMux:chip0                                                 ; ANDMux                ; work         ;
;             |TwoByOneMux:chip2|    ; 1 (0)       ; 0            ; 0          ; 0    ; 0            ; 1 (0)        ; 0 (0)             ; 0 (0)            ; 0 (0)           ; 0 (0)      ; |EightbitKogStonAddSub|AdderPrefix:prefix|AdderCombine:step1_chip4|ANDMux:chip0|TwoByOneMux:chip2                               ; TwoByOneMux           ; work         ;
;                |AndGate:Chip2|     ; 1 (1)       ; 0            ; 0          ; 0    ; 0            ; 1 (1)        ; 0 (0)             ; 0 (0)            ; 0 (0)           ; 0 (0)      ; |EightbitKogStonAddSub|AdderPrefix:prefix|AdderCombine:step1_chip4|ANDMux:chip0|TwoByOneMux:chip2|AndGate:Chip2                 ; AndGate               ; work         ;
;       |AdderCombine:step1_chip6|   ; 1 (0)       ; 0            ; 0          ; 0    ; 0            ; 1 (0)        ; 0 (0)             ; 0 (0)            ; 0 (0)           ; 0 (0)      ; |EightbitKogStonAddSub|AdderPrefix:prefix|AdderCombine:step1_chip6                                                              ; AdderCombine          ; work         ;
;          |ANDMux:chip0|            ; 1 (0)       ; 0            ; 0          ; 0    ; 0            ; 1 (0)        ; 0 (0)             ; 0 (0)            ; 0 (0)           ; 0 (0)      ; |EightbitKogStonAddSub|AdderPrefix:prefix|AdderCombine:step1_chip6|ANDMux:chip0                                                 ; ANDMux                ; work         ;
;             |TwoByOneMux:chip2|    ; 1 (0)       ; 0            ; 0          ; 0    ; 0            ; 1 (0)        ; 0 (0)             ; 0 (0)            ; 0 (0)           ; 0 (0)      ; |EightbitKogStonAddSub|AdderPrefix:prefix|AdderCombine:step1_chip6|ANDMux:chip0|TwoByOneMux:chip2                               ; TwoByOneMux           ; work         ;
;                |AndGate:Chip2|     ; 1 (1)       ; 0            ; 0          ; 0    ; 0            ; 1 (1)        ; 0 (0)             ; 0 (0)            ; 0 (0)           ; 0 (0)      ; |EightbitKogStonAddSub|AdderPrefix:prefix|AdderCombine:step1_chip6|ANDMux:chip0|TwoByOneMux:chip2|AndGate:Chip2                 ; AndGate               ; work         ;
;    |AdderPreprocess:preprocess|    ; 10 (0)      ; 0            ; 0          ; 0    ; 0            ; 10 (0)       ; 0 (0)             ; 0 (0)            ; 0 (0)           ; 0 (0)      ; |EightbitKogStonAddSub|AdderPreprocess:preprocess                                                                               ; AdderPreprocess       ; work         ;
;       |GenAndProp:chip0|           ; 1 (0)       ; 0            ; 0          ; 0    ; 0            ; 1 (0)        ; 0 (0)             ; 0 (0)            ; 0 (0)           ; 0 (0)      ; |EightbitKogStonAddSub|AdderPreprocess:preprocess|GenAndProp:chip0                                                              ; GenAndProp            ; work         ;
;          |Propogate:chip2|         ; 1 (0)       ; 0            ; 0          ; 0    ; 0            ; 1 (0)        ; 0 (0)             ; 0 (0)            ; 0 (0)           ; 0 (0)      ; |EightbitKogStonAddSub|AdderPreprocess:preprocess|GenAndProp:chip0|Propogate:chip2                                              ; Propogate             ; work         ;
;             |XORMux:chip2|         ; 1 (0)       ; 0            ; 0          ; 0    ; 0            ; 1 (0)        ; 0 (0)             ; 0 (0)            ; 0 (0)           ; 0 (0)      ; |EightbitKogStonAddSub|AdderPreprocess:preprocess|GenAndProp:chip0|Propogate:chip2|XORMux:chip2                                 ; XORMux                ; work         ;
;                |TwoByOneMux:chip2| ; 1 (0)       ; 0            ; 0          ; 0    ; 0            ; 1 (0)        ; 0 (0)             ; 0 (0)            ; 0 (0)           ; 0 (0)      ; |EightbitKogStonAddSub|AdderPreprocess:preprocess|GenAndProp:chip0|Propogate:chip2|XORMux:chip2|TwoByOneMux:chip2               ; TwoByOneMux           ; work         ;
;                   |OrGate:Chip1|   ; 1 (1)       ; 0            ; 0          ; 0    ; 0            ; 1 (1)        ; 0 (0)             ; 0 (0)            ; 0 (0)           ; 0 (0)      ; |EightbitKogStonAddSub|AdderPreprocess:preprocess|GenAndProp:chip0|Propogate:chip2|XORMux:chip2|TwoByOneMux:chip2|OrGate:Chip1  ; OrGate                ; work         ;
;       |GenAndProp:chip1|           ; 1 (0)       ; 0            ; 0          ; 0    ; 0            ; 1 (0)        ; 0 (0)             ; 0 (0)            ; 0 (0)           ; 0 (0)      ; |EightbitKogStonAddSub|AdderPreprocess:preprocess|GenAndProp:chip1                                                              ; GenAndProp            ; work         ;
;          |Propogate:chip2|         ; 1 (0)       ; 0            ; 0          ; 0    ; 0            ; 1 (0)        ; 0 (0)             ; 0 (0)            ; 0 (0)           ; 0 (0)      ; |EightbitKogStonAddSub|AdderPreprocess:preprocess|GenAndProp:chip1|Propogate:chip2                                              ; Propogate             ; work         ;
;             |XORMux:chip2|         ; 1 (0)       ; 0            ; 0          ; 0    ; 0            ; 1 (0)        ; 0 (0)             ; 0 (0)            ; 0 (0)           ; 0 (0)      ; |EightbitKogStonAddSub|AdderPreprocess:preprocess|GenAndProp:chip1|Propogate:chip2|XORMux:chip2                                 ; XORMux                ; work         ;
;                |TwoByOneMux:chip2| ; 1 (0)       ; 0            ; 0          ; 0    ; 0            ; 1 (0)        ; 0 (0)             ; 0 (0)            ; 0 (0)           ; 0 (0)      ; |EightbitKogStonAddSub|AdderPreprocess:preprocess|GenAndProp:chip1|Propogate:chip2|XORMux:chip2|TwoByOneMux:chip2               ; TwoByOneMux           ; work         ;
;                   |OrGate:Chip1|   ; 1 (1)       ; 0            ; 0          ; 0    ; 0            ; 1 (1)        ; 0 (0)             ; 0 (0)            ; 0 (0)           ; 0 (0)      ; |EightbitKogStonAddSub|AdderPreprocess:preprocess|GenAndProp:chip1|Propogate:chip2|XORMux:chip2|TwoByOneMux:chip2|OrGate:Chip1  ; OrGate                ; work         ;
;       |GenAndProp:chip2|           ; 2 (0)       ; 0            ; 0          ; 0    ; 0            ; 2 (0)        ; 0 (0)             ; 0 (0)            ; 0 (0)           ; 0 (0)      ; |EightbitKogStonAddSub|AdderPreprocess:preprocess|GenAndProp:chip2                                                              ; GenAndProp            ; work         ;
;          |Generator:chip1|         ; 1 (0)       ; 0            ; 0          ; 0    ; 0            ; 1 (0)        ; 0 (0)             ; 0 (0)            ; 0 (0)           ; 0 (0)      ; |EightbitKogStonAddSub|AdderPreprocess:preprocess|GenAndProp:chip2|Generator:chip1                                              ; Generator             ; work         ;
;             |ANDMux:chip2|         ; 1 (0)       ; 0            ; 0          ; 0    ; 0            ; 1 (0)        ; 0 (0)             ; 0 (0)            ; 0 (0)           ; 0 (0)      ; |EightbitKogStonAddSub|AdderPreprocess:preprocess|GenAndProp:chip2|Generator:chip1|ANDMux:chip2                                 ; ANDMux                ; work         ;
;                |TwoByOneMux:chip2| ; 1 (0)       ; 0            ; 0          ; 0    ; 0            ; 1 (0)        ; 0 (0)             ; 0 (0)            ; 0 (0)           ; 0 (0)      ; |EightbitKogStonAddSub|AdderPreprocess:preprocess|GenAndProp:chip2|Generator:chip1|ANDMux:chip2|TwoByOneMux:chip2               ; TwoByOneMux           ; work         ;
;                   |AndGate:Chip2|  ; 1 (1)       ; 0            ; 0          ; 0    ; 0            ; 1 (1)        ; 0 (0)             ; 0 (0)            ; 0 (0)           ; 0 (0)      ; |EightbitKogStonAddSub|AdderPreprocess:preprocess|GenAndProp:chip2|Generator:chip1|ANDMux:chip2|TwoByOneMux:chip2|AndGate:Chip2 ; AndGate               ; work         ;
;          |Propogate:chip2|         ; 1 (0)       ; 0            ; 0          ; 0    ; 0            ; 1 (0)        ; 0 (0)             ; 0 (0)            ; 0 (0)           ; 0 (0)      ; |EightbitKogStonAddSub|AdderPreprocess:preprocess|GenAndProp:chip2|Propogate:chip2                                              ; Propogate             ; work         ;
;             |XORMux:chip2|         ; 1 (0)       ; 0            ; 0          ; 0    ; 0            ; 1 (0)        ; 0 (0)             ; 0 (0)            ; 0 (0)           ; 0 (0)      ; |EightbitKogStonAddSub|AdderPreprocess:preprocess|GenAndProp:chip2|Propogate:chip2|XORMux:chip2                                 ; XORMux                ; work         ;
;                |TwoByOneMux:chip2| ; 1 (0)       ; 0            ; 0          ; 0    ; 0            ; 1 (0)        ; 0 (0)             ; 0 (0)            ; 0 (0)           ; 0 (0)      ; |EightbitKogStonAddSub|AdderPreprocess:preprocess|GenAndProp:chip2|Propogate:chip2|XORMux:chip2|TwoByOneMux:chip2               ; TwoByOneMux           ; work         ;
;                   |OrGate:Chip1|   ; 1 (1)       ; 0            ; 0          ; 0    ; 0            ; 1 (1)        ; 0 (0)             ; 0 (0)            ; 0 (0)           ; 0 (0)      ; |EightbitKogStonAddSub|AdderPreprocess:preprocess|GenAndProp:chip2|Propogate:chip2|XORMux:chip2|TwoByOneMux:chip2|OrGate:Chip1  ; OrGate                ; work         ;
;       |GenAndProp:chip3|           ; 2 (0)       ; 0            ; 0          ; 0    ; 0            ; 2 (0)        ; 0 (0)             ; 0 (0)            ; 0 (0)           ; 0 (0)      ; |EightbitKogStonAddSub|AdderPreprocess:preprocess|GenAndProp:chip3                                                              ; GenAndProp            ; work         ;
;          |Generator:chip1|         ; 1 (0)       ; 0            ; 0          ; 0    ; 0            ; 1 (0)        ; 0 (0)             ; 0 (0)            ; 0 (0)           ; 0 (0)      ; |EightbitKogStonAddSub|AdderPreprocess:preprocess|GenAndProp:chip3|Generator:chip1                                              ; Generator             ; work         ;
;             |ANDMux:chip2|         ; 1 (0)       ; 0            ; 0          ; 0    ; 0            ; 1 (0)        ; 0 (0)             ; 0 (0)            ; 0 (0)           ; 0 (0)      ; |EightbitKogStonAddSub|AdderPreprocess:preprocess|GenAndProp:chip3|Generator:chip1|ANDMux:chip2                                 ; ANDMux                ; work         ;
;                |TwoByOneMux:chip2| ; 1 (0)       ; 0            ; 0          ; 0    ; 0            ; 1 (0)        ; 0 (0)             ; 0 (0)            ; 0 (0)           ; 0 (0)      ; |EightbitKogStonAddSub|AdderPreprocess:preprocess|GenAndProp:chip3|Generator:chip1|ANDMux:chip2|TwoByOneMux:chip2               ; TwoByOneMux           ; work         ;
;                   |AndGate:Chip2|  ; 1 (1)       ; 0            ; 0          ; 0    ; 0            ; 1 (1)        ; 0 (0)             ; 0 (0)            ; 0 (0)           ; 0 (0)      ; |EightbitKogStonAddSub|AdderPreprocess:preprocess|GenAndProp:chip3|Generator:chip1|ANDMux:chip2|TwoByOneMux:chip2|AndGate:Chip2 ; AndGate               ; work         ;
;          |Propogate:chip2|         ; 1 (0)       ; 0            ; 0          ; 0    ; 0            ; 1 (0)        ; 0 (0)             ; 0 (0)            ; 0 (0)           ; 0 (0)      ; |EightbitKogStonAddSub|AdderPreprocess:preprocess|GenAndProp:chip3|Propogate:chip2                                              ; Propogate             ; work         ;
;             |XORMux:chip2|         ; 1 (0)       ; 0            ; 0          ; 0    ; 0            ; 1 (0)        ; 0 (0)             ; 0 (0)            ; 0 (0)           ; 0 (0)      ; |EightbitKogStonAddSub|AdderPreprocess:preprocess|GenAndProp:chip3|Propogate:chip2|XORMux:chip2                                 ; XORMux                ; work         ;
;                |TwoByOneMux:chip2| ; 1 (0)       ; 0            ; 0          ; 0    ; 0            ; 1 (0)        ; 0 (0)             ; 0 (0)            ; 0 (0)           ; 0 (0)      ; |EightbitKogStonAddSub|AdderPreprocess:preprocess|GenAndProp:chip3|Propogate:chip2|XORMux:chip2|TwoByOneMux:chip2               ; TwoByOneMux           ; work         ;
;                   |OrGate:Chip1|   ; 1 (1)       ; 0            ; 0          ; 0    ; 0            ; 1 (1)        ; 0 (0)             ; 0 (0)            ; 0 (0)           ; 0 (0)      ; |EightbitKogStonAddSub|AdderPreprocess:preprocess|GenAndProp:chip3|Propogate:chip2|XORMux:chip2|TwoByOneMux:chip2|OrGate:Chip1  ; OrGate                ; work         ;
;       |GenAndProp:chip4|           ; 1 (0)       ; 0            ; 0          ; 0    ; 0            ; 1 (0)        ; 0 (0)             ; 0 (0)            ; 0 (0)           ; 0 (0)      ; |EightbitKogStonAddSub|AdderPreprocess:preprocess|GenAndProp:chip4                                                              ; GenAndProp            ; work         ;
;          |Propogate:chip2|         ; 1 (0)       ; 0            ; 0          ; 0    ; 0            ; 1 (0)        ; 0 (0)             ; 0 (0)            ; 0 (0)           ; 0 (0)      ; |EightbitKogStonAddSub|AdderPreprocess:preprocess|GenAndProp:chip4|Propogate:chip2                                              ; Propogate             ; work         ;
;             |XORMux:chip2|         ; 1 (0)       ; 0            ; 0          ; 0    ; 0            ; 1 (0)        ; 0 (0)             ; 0 (0)            ; 0 (0)           ; 0 (0)      ; |EightbitKogStonAddSub|AdderPreprocess:preprocess|GenAndProp:chip4|Propogate:chip2|XORMux:chip2                                 ; XORMux                ; work         ;
;                |TwoByOneMux:chip2| ; 1 (0)       ; 0            ; 0          ; 0    ; 0            ; 1 (0)        ; 0 (0)             ; 0 (0)            ; 0 (0)           ; 0 (0)      ; |EightbitKogStonAddSub|AdderPreprocess:preprocess|GenAndProp:chip4|Propogate:chip2|XORMux:chip2|TwoByOneMux:chip2               ; TwoByOneMux           ; work         ;
;                   |OrGate:Chip1|   ; 1 (1)       ; 0            ; 0          ; 0    ; 0            ; 1 (1)        ; 0 (0)             ; 0 (0)            ; 0 (0)           ; 0 (0)      ; |EightbitKogStonAddSub|AdderPreprocess:preprocess|GenAndProp:chip4|Propogate:chip2|XORMux:chip2|TwoByOneMux:chip2|OrGate:Chip1  ; OrGate                ; work         ;
;       |GenAndProp:chip5|           ; 1 (0)       ; 0            ; 0          ; 0    ; 0            ; 1 (0)        ; 0 (0)             ; 0 (0)            ; 0 (0)           ; 0 (0)      ; |EightbitKogStonAddSub|AdderPreprocess:preprocess|GenAndProp:chip5                                                              ; GenAndProp            ; work         ;
;          |Propogate:chip2|         ; 1 (0)       ; 0            ; 0          ; 0    ; 0            ; 1 (0)        ; 0 (0)             ; 0 (0)            ; 0 (0)           ; 0 (0)      ; |EightbitKogStonAddSub|AdderPreprocess:preprocess|GenAndProp:chip5|Propogate:chip2                                              ; Propogate             ; work         ;
;             |XORMux:chip2|         ; 1 (0)       ; 0            ; 0          ; 0    ; 0            ; 1 (0)        ; 0 (0)             ; 0 (0)            ; 0 (0)           ; 0 (0)      ; |EightbitKogStonAddSub|AdderPreprocess:preprocess|GenAndProp:chip5|Propogate:chip2|XORMux:chip2                                 ; XORMux                ; work         ;
;                |TwoByOneMux:chip2| ; 1 (0)       ; 0            ; 0          ; 0    ; 0            ; 1 (0)        ; 0 (0)             ; 0 (0)            ; 0 (0)           ; 0 (0)      ; |EightbitKogStonAddSub|AdderPreprocess:preprocess|GenAndProp:chip5|Propogate:chip2|XORMux:chip2|TwoByOneMux:chip2               ; TwoByOneMux           ; work         ;
;                   |OrGate:Chip1|   ; 1 (1)       ; 0            ; 0          ; 0    ; 0            ; 1 (1)        ; 0 (0)             ; 0 (0)            ; 0 (0)           ; 0 (0)      ; |EightbitKogStonAddSub|AdderPreprocess:preprocess|GenAndProp:chip5|Propogate:chip2|XORMux:chip2|TwoByOneMux:chip2|OrGate:Chip1  ; OrGate                ; work         ;
;       |GenAndProp:chip6|           ; 1 (0)       ; 0            ; 0          ; 0    ; 0            ; 1 (0)        ; 0 (0)             ; 0 (0)            ; 0 (0)           ; 0 (0)      ; |EightbitKogStonAddSub|AdderPreprocess:preprocess|GenAndProp:chip6                                                              ; GenAndProp            ; work         ;
;          |Propogate:chip2|         ; 1 (0)       ; 0            ; 0          ; 0    ; 0            ; 1 (0)        ; 0 (0)             ; 0 (0)            ; 0 (0)           ; 0 (0)      ; |EightbitKogStonAddSub|AdderPreprocess:preprocess|GenAndProp:chip6|Propogate:chip2                                              ; Propogate             ; work         ;
;             |XORMux:chip2|         ; 1 (0)       ; 0            ; 0          ; 0    ; 0            ; 1 (0)        ; 0 (0)             ; 0 (0)            ; 0 (0)           ; 0 (0)      ; |EightbitKogStonAddSub|AdderPreprocess:preprocess|GenAndProp:chip6|Propogate:chip2|XORMux:chip2                                 ; XORMux                ; work         ;
;                |TwoByOneMux:chip2| ; 1 (0)       ; 0            ; 0          ; 0    ; 0            ; 1 (0)        ; 0 (0)             ; 0 (0)            ; 0 (0)           ; 0 (0)      ; |EightbitKogStonAddSub|AdderPreprocess:preprocess|GenAndProp:chip6|Propogate:chip2|XORMux:chip2|TwoByOneMux:chip2               ; TwoByOneMux           ; work         ;
;                   |OrGate:Chip1|   ; 1 (1)       ; 0            ; 0          ; 0    ; 0            ; 1 (1)        ; 0 (0)             ; 0 (0)            ; 0 (0)           ; 0 (0)      ; |EightbitKogStonAddSub|AdderPreprocess:preprocess|GenAndProp:chip6|Propogate:chip2|XORMux:chip2|TwoByOneMux:chip2|OrGate:Chip1  ; OrGate                ; work         ;
;       |GenAndProp:chip7|           ; 1 (0)       ; 0            ; 0          ; 0    ; 0            ; 1 (0)        ; 0 (0)             ; 0 (0)            ; 0 (0)           ; 0 (0)      ; |EightbitKogStonAddSub|AdderPreprocess:preprocess|GenAndProp:chip7                                                              ; GenAndProp            ; work         ;
;          |Propogate:chip2|         ; 1 (0)       ; 0            ; 0          ; 0    ; 0            ; 1 (0)        ; 0 (0)             ; 0 (0)            ; 0 (0)           ; 0 (0)      ; |EightbitKogStonAddSub|AdderPreprocess:preprocess|GenAndProp:chip7|Propogate:chip2                                              ; Propogate             ; work         ;
;             |XORMux:chip2|         ; 1 (0)       ; 0            ; 0          ; 0    ; 0            ; 1 (0)        ; 0 (0)             ; 0 (0)            ; 0 (0)           ; 0 (0)      ; |EightbitKogStonAddSub|AdderPreprocess:preprocess|GenAndProp:chip7|Propogate:chip2|XORMux:chip2                                 ; XORMux                ; work         ;
;                |TwoByOneMux:chip2| ; 1 (0)       ; 0            ; 0          ; 0    ; 0            ; 1 (0)        ; 0 (0)             ; 0 (0)            ; 0 (0)           ; 0 (0)      ; |EightbitKogStonAddSub|AdderPreprocess:preprocess|GenAndProp:chip7|Propogate:chip2|XORMux:chip2|TwoByOneMux:chip2               ; TwoByOneMux           ; work         ;
;                   |OrGate:Chip1|   ; 1 (1)       ; 0            ; 0          ; 0    ; 0            ; 1 (1)        ; 0 (0)             ; 0 (0)            ; 0 (0)           ; 0 (0)      ; |EightbitKogStonAddSub|AdderPreprocess:preprocess|GenAndProp:chip7|Propogate:chip2|XORMux:chip2|TwoByOneMux:chip2|OrGate:Chip1  ; OrGate                ; work         ;
;    |CarryCalc:carryChip|           ; 7 (0)       ; 0            ; 0          ; 0    ; 0            ; 7 (0)        ; 0 (0)             ; 0 (0)            ; 0 (0)           ; 0 (0)      ; |EightbitKogStonAddSub|CarryCalc:carryChip                                                                                      ; CarryCalc             ; work         ;
;       |CarryHelper:chip0|          ; 1 (0)       ; 0            ; 0          ; 0    ; 0            ; 1 (0)        ; 0 (0)             ; 0 (0)            ; 0 (0)           ; 0 (0)      ; |EightbitKogStonAddSub|CarryCalc:carryChip|CarryHelper:chip0                                                                    ; CarryHelper           ; work         ;
;          |ORMux:chip1|             ; 1 (0)       ; 0            ; 0          ; 0    ; 0            ; 1 (0)        ; 0 (0)             ; 0 (0)            ; 0 (0)           ; 0 (0)      ; |EightbitKogStonAddSub|CarryCalc:carryChip|CarryHelper:chip0|ORMux:chip1                                                        ; ORMux                 ; work         ;
;             |TwoByOneMux:chip2|    ; 1 (0)       ; 0            ; 0          ; 0    ; 0            ; 1 (0)        ; 0 (0)             ; 0 (0)            ; 0 (0)           ; 0 (0)      ; |EightbitKogStonAddSub|CarryCalc:carryChip|CarryHelper:chip0|ORMux:chip1|TwoByOneMux:chip2                                      ; TwoByOneMux           ; work         ;
;                |OrGate:Chip1|      ; 1 (1)       ; 0            ; 0          ; 0    ; 0            ; 1 (1)        ; 0 (0)             ; 0 (0)            ; 0 (0)           ; 0 (0)      ; |EightbitKogStonAddSub|CarryCalc:carryChip|CarryHelper:chip0|ORMux:chip1|TwoByOneMux:chip2|OrGate:Chip1                         ; OrGate                ; work         ;
;       |CarryHelper:chip1|          ; 2 (0)       ; 0            ; 0          ; 0    ; 0            ; 2 (0)        ; 0 (0)             ; 0 (0)            ; 0 (0)           ; 0 (0)      ; |EightbitKogStonAddSub|CarryCalc:carryChip|CarryHelper:chip1                                                                    ; CarryHelper           ; work         ;
;          |ORMux:chip1|             ; 2 (0)       ; 0            ; 0          ; 0    ; 0            ; 2 (0)        ; 0 (0)             ; 0 (0)            ; 0 (0)           ; 0 (0)      ; |EightbitKogStonAddSub|CarryCalc:carryChip|CarryHelper:chip1|ORMux:chip1                                                        ; ORMux                 ; work         ;
;             |TwoByOneMux:chip2|    ; 2 (0)       ; 0            ; 0          ; 0    ; 0            ; 2 (0)        ; 0 (0)             ; 0 (0)            ; 0 (0)           ; 0 (0)      ; |EightbitKogStonAddSub|CarryCalc:carryChip|CarryHelper:chip1|ORMux:chip1|TwoByOneMux:chip2                                      ; TwoByOneMux           ; work         ;
;                |OrGate:Chip1|      ; 2 (2)       ; 0            ; 0          ; 0    ; 0            ; 2 (2)        ; 0 (0)             ; 0 (0)            ; 0 (0)           ; 0 (0)      ; |EightbitKogStonAddSub|CarryCalc:carryChip|CarryHelper:chip1|ORMux:chip1|TwoByOneMux:chip2|OrGate:Chip1                         ; OrGate                ; work         ;
;       |CarryHelper:chip2|          ; 1 (0)       ; 0            ; 0          ; 0    ; 0            ; 1 (0)        ; 0 (0)             ; 0 (0)            ; 0 (0)           ; 0 (0)      ; |EightbitKogStonAddSub|CarryCalc:carryChip|CarryHelper:chip2                                                                    ; CarryHelper           ; work         ;
;          |ORMux:chip1|             ; 1 (0)       ; 0            ; 0          ; 0    ; 0            ; 1 (0)        ; 0 (0)             ; 0 (0)            ; 0 (0)           ; 0 (0)      ; |EightbitKogStonAddSub|CarryCalc:carryChip|CarryHelper:chip2|ORMux:chip1                                                        ; ORMux                 ; work         ;
;             |TwoByOneMux:chip2|    ; 1 (0)       ; 0            ; 0          ; 0    ; 0            ; 1 (0)        ; 0 (0)             ; 0 (0)            ; 0 (0)           ; 0 (0)      ; |EightbitKogStonAddSub|CarryCalc:carryChip|CarryHelper:chip2|ORMux:chip1|TwoByOneMux:chip2                                      ; TwoByOneMux           ; work         ;
;                |OrGate:Chip1|      ; 1 (1)       ; 0            ; 0          ; 0    ; 0            ; 1 (1)        ; 0 (0)             ; 0 (0)            ; 0 (0)           ; 0 (0)      ; |EightbitKogStonAddSub|CarryCalc:carryChip|CarryHelper:chip2|ORMux:chip1|TwoByOneMux:chip2|OrGate:Chip1                         ; OrGate                ; work         ;
;       |CarryHelper:chip3|          ; 3 (0)       ; 0            ; 0          ; 0    ; 0            ; 3 (0)        ; 0 (0)             ; 0 (0)            ; 0 (0)           ; 0 (0)      ; |EightbitKogStonAddSub|CarryCalc:carryChip|CarryHelper:chip3                                                                    ; CarryHelper           ; work         ;
;          |ANDMux:chip0|            ; 2 (0)       ; 0            ; 0          ; 0    ; 0            ; 2 (0)        ; 0 (0)             ; 0 (0)            ; 0 (0)           ; 0 (0)      ; |EightbitKogStonAddSub|CarryCalc:carryChip|CarryHelper:chip3|ANDMux:chip0                                                       ; ANDMux                ; work         ;
;             |TwoByOneMux:chip2|    ; 2 (0)       ; 0            ; 0          ; 0    ; 0            ; 2 (0)        ; 0 (0)             ; 0 (0)            ; 0 (0)           ; 0 (0)      ; |EightbitKogStonAddSub|CarryCalc:carryChip|CarryHelper:chip3|ANDMux:chip0|TwoByOneMux:chip2                                     ; TwoByOneMux           ; work         ;
;                |AndGate:Chip2|     ; 2 (2)       ; 0            ; 0          ; 0    ; 0            ; 2 (2)        ; 0 (0)             ; 0 (0)            ; 0 (0)           ; 0 (0)      ; |EightbitKogStonAddSub|CarryCalc:carryChip|CarryHelper:chip3|ANDMux:chip0|TwoByOneMux:chip2|AndGate:Chip2                       ; AndGate               ; work         ;
;          |ORMux:chip1|             ; 1 (0)       ; 0            ; 0          ; 0    ; 0            ; 1 (0)        ; 0 (0)             ; 0 (0)            ; 0 (0)           ; 0 (0)      ; |EightbitKogStonAddSub|CarryCalc:carryChip|CarryHelper:chip3|ORMux:chip1                                                        ; ORMux                 ; work         ;
;             |TwoByOneMux:chip2|    ; 1 (0)       ; 0            ; 0          ; 0    ; 0            ; 1 (0)        ; 0 (0)             ; 0 (0)            ; 0 (0)           ; 0 (0)      ; |EightbitKogStonAddSub|CarryCalc:carryChip|CarryHelper:chip3|ORMux:chip1|TwoByOneMux:chip2                                      ; TwoByOneMux           ; work         ;
;                |OrGate:Chip1|      ; 1 (1)       ; 0            ; 0          ; 0    ; 0            ; 1 (1)        ; 0 (0)             ; 0 (0)            ; 0 (0)           ; 0 (0)      ; |EightbitKogStonAddSub|CarryCalc:carryChip|CarryHelper:chip3|ORMux:chip1|TwoByOneMux:chip2|OrGate:Chip1                         ; OrGate                ; work         ;
;    |CarryHelper:finalcarry|        ; 3 (0)       ; 0            ; 0          ; 0    ; 0            ; 3 (0)        ; 0 (0)             ; 0 (0)            ; 0 (0)           ; 0 (0)      ; |EightbitKogStonAddSub|CarryHelper:finalcarry                                                                                   ; CarryHelper           ; work         ;
;       |ORMux:chip1|                ; 3 (0)       ; 0            ; 0          ; 0    ; 0            ; 3 (0)        ; 0 (0)             ; 0 (0)            ; 0 (0)           ; 0 (0)      ; |EightbitKogStonAddSub|CarryHelper:finalcarry|ORMux:chip1                                                                       ; ORMux                 ; work         ;
;          |TwoByOneMux:chip2|       ; 3 (0)       ; 0            ; 0          ; 0    ; 0            ; 3 (0)        ; 0 (0)             ; 0 (0)            ; 0 (0)           ; 0 (0)      ; |EightbitKogStonAddSub|CarryHelper:finalcarry|ORMux:chip1|TwoByOneMux:chip2                                                     ; TwoByOneMux           ; work         ;
;             |OrGate:Chip1|         ; 3 (3)       ; 0            ; 0          ; 0    ; 0            ; 3 (3)        ; 0 (0)             ; 0 (0)            ; 0 (0)           ; 0 (0)      ; |EightbitKogStonAddSub|CarryHelper:finalcarry|ORMux:chip1|TwoByOneMux:chip2|OrGate:Chip1                                        ; OrGate                ; work         ;
;    |VectorXORMux:sumChip|          ; 14 (0)      ; 0            ; 0          ; 0    ; 0            ; 14 (0)       ; 0 (0)             ; 0 (0)            ; 0 (0)           ; 0 (0)      ; |EightbitKogStonAddSub|VectorXORMux:sumChip                                                                                     ; VectorXORMux          ; work         ;
;       |XORMux:chip1|               ; 1 (0)       ; 0            ; 0          ; 0    ; 0            ; 1 (0)        ; 0 (0)             ; 0 (0)            ; 0 (0)           ; 0 (0)      ; |EightbitKogStonAddSub|VectorXORMux:sumChip|XORMux:chip1                                                                        ; XORMux                ; work         ;
;          |TwoByOneMux:chip2|       ; 1 (0)       ; 0            ; 0          ; 0    ; 0            ; 1 (0)        ; 0 (0)             ; 0 (0)            ; 0 (0)           ; 0 (0)      ; |EightbitKogStonAddSub|VectorXORMux:sumChip|XORMux:chip1|TwoByOneMux:chip2                                                      ; TwoByOneMux           ; work         ;
;             |OrGate:Chip1|         ; 1 (1)       ; 0            ; 0          ; 0    ; 0            ; 1 (1)        ; 0 (0)             ; 0 (0)            ; 0 (0)           ; 0 (0)      ; |EightbitKogStonAddSub|VectorXORMux:sumChip|XORMux:chip1|TwoByOneMux:chip2|OrGate:Chip1                                         ; OrGate                ; work         ;
;       |XORMux:chip2|               ; 1 (0)       ; 0            ; 0          ; 0    ; 0            ; 1 (0)        ; 0 (0)             ; 0 (0)            ; 0 (0)           ; 0 (0)      ; |EightbitKogStonAddSub|VectorXORMux:sumChip|XORMux:chip2                                                                        ; XORMux                ; work         ;
;          |TwoByOneMux:chip2|       ; 1 (0)       ; 0            ; 0          ; 0    ; 0            ; 1 (0)        ; 0 (0)             ; 0 (0)            ; 0 (0)           ; 0 (0)      ; |EightbitKogStonAddSub|VectorXORMux:sumChip|XORMux:chip2|TwoByOneMux:chip2                                                      ; TwoByOneMux           ; work         ;
;             |OrGate:Chip1|         ; 1 (1)       ; 0            ; 0          ; 0    ; 0            ; 1 (1)        ; 0 (0)             ; 0 (0)            ; 0 (0)           ; 0 (0)      ; |EightbitKogStonAddSub|VectorXORMux:sumChip|XORMux:chip2|TwoByOneMux:chip2|OrGate:Chip1                                         ; OrGate                ; work         ;
;       |XORMux:chip3|               ; 1 (0)       ; 0            ; 0          ; 0    ; 0            ; 1 (0)        ; 0 (0)             ; 0 (0)            ; 0 (0)           ; 0 (0)      ; |EightbitKogStonAddSub|VectorXORMux:sumChip|XORMux:chip3                                                                        ; XORMux                ; work         ;
;          |TwoByOneMux:chip2|       ; 1 (0)       ; 0            ; 0          ; 0    ; 0            ; 1 (0)        ; 0 (0)             ; 0 (0)            ; 0 (0)           ; 0 (0)      ; |EightbitKogStonAddSub|VectorXORMux:sumChip|XORMux:chip3|TwoByOneMux:chip2                                                      ; TwoByOneMux           ; work         ;
;             |OrGate:Chip1|         ; 1 (1)       ; 0            ; 0          ; 0    ; 0            ; 1 (1)        ; 0 (0)             ; 0 (0)            ; 0 (0)           ; 0 (0)      ; |EightbitKogStonAddSub|VectorXORMux:sumChip|XORMux:chip3|TwoByOneMux:chip2|OrGate:Chip1                                         ; OrGate                ; work         ;
;       |XORMux:chip4|               ; 1 (0)       ; 0            ; 0          ; 0    ; 0            ; 1 (0)        ; 0 (0)             ; 0 (0)            ; 0 (0)           ; 0 (0)      ; |EightbitKogStonAddSub|VectorXORMux:sumChip|XORMux:chip4                                                                        ; XORMux                ; work         ;
;          |TwoByOneMux:chip2|       ; 1 (0)       ; 0            ; 0          ; 0    ; 0            ; 1 (0)        ; 0 (0)             ; 0 (0)            ; 0 (0)           ; 0 (0)      ; |EightbitKogStonAddSub|VectorXORMux:sumChip|XORMux:chip4|TwoByOneMux:chip2                                                      ; TwoByOneMux           ; work         ;
;             |OrGate:Chip1|         ; 1 (1)       ; 0            ; 0          ; 0    ; 0            ; 1 (1)        ; 0 (0)             ; 0 (0)            ; 0 (0)           ; 0 (0)      ; |EightbitKogStonAddSub|VectorXORMux:sumChip|XORMux:chip4|TwoByOneMux:chip2|OrGate:Chip1                                         ; OrGate                ; work         ;
;       |XORMux:chip5|               ; 3 (0)       ; 0            ; 0          ; 0    ; 0            ; 3 (0)        ; 0 (0)             ; 0 (0)            ; 0 (0)           ; 0 (0)      ; |EightbitKogStonAddSub|VectorXORMux:sumChip|XORMux:chip5                                                                        ; XORMux                ; work         ;
;          |TwoByOneMux:chip2|       ; 3 (0)       ; 0            ; 0          ; 0    ; 0            ; 3 (0)        ; 0 (0)             ; 0 (0)            ; 0 (0)           ; 0 (0)      ; |EightbitKogStonAddSub|VectorXORMux:sumChip|XORMux:chip5|TwoByOneMux:chip2                                                      ; TwoByOneMux           ; work         ;
;             |OrGate:Chip1|         ; 3 (3)       ; 0            ; 0          ; 0    ; 0            ; 3 (3)        ; 0 (0)             ; 0 (0)            ; 0 (0)           ; 0 (0)      ; |EightbitKogStonAddSub|VectorXORMux:sumChip|XORMux:chip5|TwoByOneMux:chip2|OrGate:Chip1                                         ; OrGate                ; work         ;
;       |XORMux:chip6|               ; 4 (0)       ; 0            ; 0          ; 0    ; 0            ; 4 (0)        ; 0 (0)             ; 0 (0)            ; 0 (0)           ; 0 (0)      ; |EightbitKogStonAddSub|VectorXORMux:sumChip|XORMux:chip6                                                                        ; XORMux                ; work         ;
;          |TwoByOneMux:chip2|       ; 4 (0)       ; 0            ; 0          ; 0    ; 0            ; 4 (0)        ; 0 (0)             ; 0 (0)            ; 0 (0)           ; 0 (0)      ; |EightbitKogStonAddSub|VectorXORMux:sumChip|XORMux:chip6|TwoByOneMux:chip2                                                      ; TwoByOneMux           ; work         ;
;             |OrGate:Chip1|         ; 4 (4)       ; 0            ; 0          ; 0    ; 0            ; 4 (4)        ; 0 (0)             ; 0 (0)            ; 0 (0)           ; 0 (0)      ; |EightbitKogStonAddSub|VectorXORMux:sumChip|XORMux:chip6|TwoByOneMux:chip2|OrGate:Chip1                                         ; OrGate                ; work         ;
;       |XORMux:chip7|               ; 3 (0)       ; 0            ; 0          ; 0    ; 0            ; 3 (0)        ; 0 (0)             ; 0 (0)            ; 0 (0)           ; 0 (0)      ; |EightbitKogStonAddSub|VectorXORMux:sumChip|XORMux:chip7                                                                        ; XORMux                ; work         ;
;          |TwoByOneMux:chip2|       ; 3 (0)       ; 0            ; 0          ; 0    ; 0            ; 3 (0)        ; 0 (0)             ; 0 (0)            ; 0 (0)           ; 0 (0)      ; |EightbitKogStonAddSub|VectorXORMux:sumChip|XORMux:chip7|TwoByOneMux:chip2                                                      ; TwoByOneMux           ; work         ;
;             |OrGate:Chip1|         ; 3 (3)       ; 0            ; 0          ; 0    ; 0            ; 3 (3)        ; 0 (0)             ; 0 (0)            ; 0 (0)           ; 0 (0)      ; |EightbitKogStonAddSub|VectorXORMux:sumChip|XORMux:chip7|TwoByOneMux:chip2|OrGate:Chip1                                         ; OrGate                ; work         ;
+------------------------------------+-------------+--------------+------------+------+--------------+--------------+-------------------+------------------+-----------------+------------+---------------------------------------------------------------------------------------------------------------------------------+-----------------------+--------------+
Note: For table entries with two numbers listed, the numbers in parentheses indicate the number of resources of the given type used by the specific entity alone. The numbers listed outside of parentheses indicate the total resources of the given type used by the specific entity and all of its sub-entities in the hierarchy.


+------------------------------------------------------+
; General Register Statistics                          ;
+----------------------------------------------+-------+
; Statistic                                    ; Value ;
+----------------------------------------------+-------+
; Total registers                              ; 0     ;
; Number of registers using Synchronous Clear  ; 0     ;
; Number of registers using Synchronous Load   ; 0     ;
; Number of registers using Asynchronous Clear ; 0     ;
; Number of registers using Asynchronous Load  ; 0     ;
; Number of registers using Clock Enable       ; 0     ;
; Number of registers using Preset             ; 0     ;
+----------------------------------------------+-------+


+-------------------------------------------------------------------------------------------------------+
; Port Connectivity Checks: "AdderPrefix:prefix|AdderCombine:step1_chip0|ORMux:chip1|TwoByOneMux:chip2" ;
+------+-------+----------+-----------------------------------------------------------------------------+
; Port ; Type  ; Severity ; Details                                                                     ;
+------+-------+----------+-----------------------------------------------------------------------------+
; i1   ; Input ; Info     ; Stuck at VCC                                                                ;
+------+-------+----------+-----------------------------------------------------------------------------+


+------------------------------------------------------------------------------------------------------------------------+
; Port Connectivity Checks: "AdderPreprocess:preprocess|GenAndProp:chip0|Generator:chip1|ANDMux:chip2|TwoByOneMux:chip2" ;
+------+-------+----------+----------------------------------------------------------------------------------------------+
; Port ; Type  ; Severity ; Details                                                                                      ;
+------+-------+----------+----------------------------------------------------------------------------------------------+
; i0   ; Input ; Info     ; Stuck at GND                                                                                 ;
+------+-------+----------+----------------------------------------------------------------------------------------------+


+--------------------------------------------------------------------------------------------------+
; Port Connectivity Checks: "VectorXORMux2:complement|XORMux:chip0|NOTMux:chip1|TwoByOneMux:chip2" ;
+------+-------+----------+------------------------------------------------------------------------+
; Port ; Type  ; Severity ; Details                                                                ;
+------+-------+----------+------------------------------------------------------------------------+
; i0   ; Input ; Info     ; Stuck at VCC                                                           ;
; i1   ; Input ; Info     ; Stuck at GND                                                           ;
+------+-------+----------+------------------------------------------------------------------------+


+-------------------------------+
; Analysis & Synthesis Messages ;
+-------------------------------+
Info: *******************************************************************
Info: Running Quartus Prime Analysis & Synthesis
    Info: Version 20.1.0 Build 711 06/05/2020 SJ Lite Edition
    Info: Processing started: Sat Mar 13 17:38:24 2021
Info: Command: quartus_map --read_settings_files=on --write_settings_files=off EightbitKogStonAddSub -c EightbitKogStonAddSub
Warning (18236): Number of processors has not been specified which may cause overloading on shared machines.  Set the global assignment NUM_PARALLEL_PROCESSORS in your QSF to an appropriate value for best performance.
Info (20030): Parallel compilation is enabled and will use 6 of the 6 processors detected
Info (12021): Found 2 design units, including 1 entities, in source file andgate.vhd
    Info (12022): Found design unit 1: AndGate-Struct File: D:/Courses/Sem4/cs226_digital_logic/CS254/lab5/AndGate.vhd Line: 11
    Info (12023): Found entity 1: AndGate File: D:/Courses/Sem4/cs226_digital_logic/CS254/lab5/AndGate.vhd Line: 7
Info (12021): Found 2 design units, including 1 entities, in source file twobyonemux.vhd
    Info (12022): Found design unit 1: TwoByOneMux-ARCH File: D:/Courses/Sem4/cs226_digital_logic/CS254/lab5/TwoByOneMux.vhd Line: 14
    Info (12023): Found entity 1: TwoByOneMux File: D:/Courses/Sem4/cs226_digital_logic/CS254/lab5/TwoByOneMux.vhd Line: 7
Info (12021): Found 2 design units, including 1 entities, in source file ormux.vhd
    Info (12022): Found design unit 1: ORMux-ARCH File: D:/Courses/Sem4/cs226_digital_logic/CS254/lab5/ORMux.vhd Line: 14
    Info (12023): Found entity 1: ORMux File: D:/Courses/Sem4/cs226_digital_logic/CS254/lab5/ORMux.vhd Line: 7
Info (12021): Found 2 design units, including 1 entities, in source file orgate.vhd
    Info (12022): Found design unit 1: OrGate-Struct File: D:/Courses/Sem4/cs226_digital_logic/CS254/lab5/OrGate.vhd Line: 11
    Info (12023): Found entity 1: OrGate File: D:/Courses/Sem4/cs226_digital_logic/CS254/lab5/OrGate.vhd Line: 7
Info (12021): Found 2 design units, including 1 entities, in source file notgate.vhd
    Info (12022): Found design unit 1: NotGate-Struct File: D:/Courses/Sem4/cs226_digital_logic/CS254/lab5/NotGate.vhd Line: 11
    Info (12023): Found entity 1: NotGate File: D:/Courses/Sem4/cs226_digital_logic/CS254/lab5/NotGate.vhd Line: 7
Info (12021): Found 2 design units, including 1 entities, in source file andmux.vhd
    Info (12022): Found design unit 1: ANDMux-ARCH File: D:/Courses/Sem4/cs226_digital_logic/CS254/lab5/ANDMux.vhd Line: 14
    Info (12023): Found entity 1: ANDMux File: D:/Courses/Sem4/cs226_digital_logic/CS254/lab5/ANDMux.vhd Line: 7
Info (12021): Found 2 design units, including 1 entities, in source file generator.vhd
    Info (12022): Found design unit 1: Generator-ARCHGen File: D:/Courses/Sem4/cs226_digital_logic/CS254/lab5/Generator.vhd Line: 13
    Info (12023): Found entity 1: Generator File: D:/Courses/Sem4/cs226_digital_logic/CS254/lab5/Generator.vhd Line: 7
Info (12021): Found 2 design units, including 1 entities, in source file notmux.vhd
    Info (12022): Found design unit 1: NOTMux-ARCH File: D:/Courses/Sem4/cs226_digital_logic/CS254/lab5/NOTMux.vhd Line: 14
    Info (12023): Found entity 1: NOTMux File: D:/Courses/Sem4/cs226_digital_logic/CS254/lab5/NOTMux.vhd Line: 7
Info (12021): Found 2 design units, including 1 entities, in source file xormux.vhd
    Info (12022): Found design unit 1: XORMux-ARCH File: D:/Courses/Sem4/cs226_digital_logic/CS254/lab5/XORMux.vhd Line: 14
    Info (12023): Found entity 1: XORMux File: D:/Courses/Sem4/cs226_digital_logic/CS254/lab5/XORMux.vhd Line: 7
Info (12021): Found 2 design units, including 1 entities, in source file propogate.vhd
    Info (12022): Found design unit 1: Propogate-ARCHProp File: D:/Courses/Sem4/cs226_digital_logic/CS254/lab5/Propogate.vhd Line: 13
    Info (12023): Found entity 1: Propogate File: D:/Courses/Sem4/cs226_digital_logic/CS254/lab5/Propogate.vhd Line: 7
Info (12021): Found 2 design units, including 1 entities, in source file genandprop.vhd
    Info (12022): Found design unit 1: GenAndProp-ARCHGaP File: D:/Courses/Sem4/cs226_digital_logic/CS254/lab5/GenAndProp.vhd Line: 13
    Info (12023): Found entity 1: GenAndProp File: D:/Courses/Sem4/cs226_digital_logic/CS254/lab5/GenAndProp.vhd Line: 7
Info (12021): Found 2 design units, including 1 entities, in source file adderpreprocess.vhd
    Info (12022): Found design unit 1: AdderPreprocess-ARCHPre File: D:/Courses/Sem4/cs226_digital_logic/CS254/lab5/AdderPreprocess.vhd Line: 13
    Info (12023): Found entity 1: AdderPreprocess File: D:/Courses/Sem4/cs226_digital_logic/CS254/lab5/AdderPreprocess.vhd Line: 7
Info (12021): Found 2 design units, including 1 entities, in source file eightbitkogstonaddsub.vhd
    Info (12022): Found design unit 1: EightbitKogStonAddSub-ARCHAdd File: D:/Courses/Sem4/cs226_digital_logic/CS254/lab5/EightbitKogStonAddSub.vhd Line: 13
    Info (12023): Found entity 1: EightbitKogStonAddSub File: D:/Courses/Sem4/cs226_digital_logic/CS254/lab5/EightbitKogStonAddSub.vhd Line: 6
Info (12021): Found 2 design units, including 1 entities, in source file addercombine.vhd
    Info (12022): Found design unit 1: AdderCombine-ARCHComb File: D:/Courses/Sem4/cs226_digital_logic/CS254/lab5/AdderCombine.vhd Line: 16
    Info (12023): Found entity 1: AdderCombine File: D:/Courses/Sem4/cs226_digital_logic/CS254/lab5/AdderCombine.vhd Line: 9
Info (12021): Found 2 design units, including 1 entities, in source file adderprefix.vhd
    Info (12022): Found design unit 1: AdderPrefix-ARCHPre File: D:/Courses/Sem4/cs226_digital_logic/CS254/lab5/AdderPrefix.vhd Line: 13
    Info (12023): Found entity 1: AdderPrefix File: D:/Courses/Sem4/cs226_digital_logic/CS254/lab5/AdderPrefix.vhd Line: 7
Info (12021): Found 4 design units, including 2 entities, in source file carry.vhd
    Info (12022): Found design unit 1: CarryHelper-ARCHCarryHelp File: D:/Courses/Sem4/cs226_digital_logic/CS254/lab5/Carry.vhd Line: 12
    Info (12022): Found design unit 2: CarryCalc-ARCHCarry File: D:/Courses/Sem4/cs226_digital_logic/CS254/lab5/Carry.vhd Line: 47
    Info (12023): Found entity 1: CarryHelper File: D:/Courses/Sem4/cs226_digital_logic/CS254/lab5/Carry.vhd Line: 7
    Info (12023): Found entity 2: CarryCalc File: D:/Courses/Sem4/cs226_digital_logic/CS254/lab5/Carry.vhd Line: 40
Info (12021): Found 4 design units, including 2 entities, in source file vectorxormux.vhd
    Info (12022): Found design unit 1: VectorXORMux2-ARCHXOR2 File: D:/Courses/Sem4/cs226_digital_logic/CS254/lab5/VectorXORMux.vhd Line: 14
    Info (12022): Found design unit 2: VectorXORMux-ARCHXOR1 File: D:/Courses/Sem4/cs226_digital_logic/CS254/lab5/VectorXORMux.vhd Line: 53
    Info (12023): Found entity 1: VectorXORMux2 File: D:/Courses/Sem4/cs226_digital_logic/CS254/lab5/VectorXORMux.vhd Line: 7
    Info (12023): Found entity 2: VectorXORMux File: D:/Courses/Sem4/cs226_digital_logic/CS254/lab5/VectorXORMux.vhd Line: 47
Info (12021): Found 2 design units, including 1 entities, in source file testbench.vhd
    Info (12022): Found design unit 1: TestBench-tb File: D:/Courses/Sem4/cs226_digital_logic/CS254/lab5/Testbench.vhd Line: 9
    Info (12023): Found entity 1: TestBench File: D:/Courses/Sem4/cs226_digital_logic/CS254/lab5/Testbench.vhd Line: 6
Info (12127): Elaborating entity "EightbitKogStonAddSub" for the top level hierarchy
Info (12128): Elaborating entity "VectorXORMux2" for hierarchy "VectorXORMux2:complement" File: D:/Courses/Sem4/cs226_digital_logic/CS254/lab5/EightbitKogStonAddSub.vhd Line: 50
Info (12128): Elaborating entity "XORMux" for hierarchy "VectorXORMux2:complement|XORMux:chip0" File: D:/Courses/Sem4/cs226_digital_logic/CS254/lab5/VectorXORMux.vhd Line: 22
Info (12128): Elaborating entity "NOTMux" for hierarchy "VectorXORMux2:complement|XORMux:chip0|NOTMux:chip1" File: D:/Courses/Sem4/cs226_digital_logic/CS254/lab5/XORMux.vhd Line: 30
Info (12128): Elaborating entity "TwoByOneMux" for hierarchy "VectorXORMux2:complement|XORMux:chip0|NOTMux:chip1|TwoByOneMux:chip2" File: D:/Courses/Sem4/cs226_digital_logic/CS254/lab5/NOTMux.vhd Line: 22
Info (12128): Elaborating entity "OrGate" for hierarchy "VectorXORMux2:complement|XORMux:chip0|NOTMux:chip1|TwoByOneMux:chip2|OrGate:Chip1" File: D:/Courses/Sem4/cs226_digital_logic/CS254/lab5/TwoByOneMux.vhd Line: 33
Info (12128): Elaborating entity "AndGate" for hierarchy "VectorXORMux2:complement|XORMux:chip0|NOTMux:chip1|TwoByOneMux:chip2|AndGate:Chip2" File: D:/Courses/Sem4/cs226_digital_logic/CS254/lab5/TwoByOneMux.vhd Line: 36
Info (12128): Elaborating entity "NotGate" for hierarchy "VectorXORMux2:complement|XORMux:chip0|NOTMux:chip1|TwoByOneMux:chip2|NotGate:Chip4" File: D:/Courses/Sem4/cs226_digital_logic/CS254/lab5/TwoByOneMux.vhd Line: 42
Info (12128): Elaborating entity "AdderPreprocess" for hierarchy "AdderPreprocess:preprocess" File: D:/Courses/Sem4/cs226_digital_logic/CS254/lab5/EightbitKogStonAddSub.vhd Line: 53
Info (12128): Elaborating entity "GenAndProp" for hierarchy "AdderPreprocess:preprocess|GenAndProp:chip0" File: D:/Courses/Sem4/cs226_digital_logic/CS254/lab5/AdderPreprocess.vhd Line: 20
Info (12128): Elaborating entity "Generator" for hierarchy "AdderPreprocess:preprocess|GenAndProp:chip0|Generator:chip1" File: D:/Courses/Sem4/cs226_digital_logic/CS254/lab5/GenAndProp.vhd Line: 26
Info (12128): Elaborating entity "ANDMux" for hierarchy "AdderPreprocess:preprocess|GenAndProp:chip0|Generator:chip1|ANDMux:chip2" File: D:/Courses/Sem4/cs226_digital_logic/CS254/lab5/Generator.vhd Line: 20
Info (12128): Elaborating entity "Propogate" for hierarchy "AdderPreprocess:preprocess|GenAndProp:chip0|Propogate:chip2" File: D:/Courses/Sem4/cs226_digital_logic/CS254/lab5/GenAndProp.vhd Line: 28
Info (12128): Elaborating entity "AdderPrefix" for hierarchy "AdderPrefix:prefix" File: D:/Courses/Sem4/cs226_digital_logic/CS254/lab5/EightbitKogStonAddSub.vhd Line: 56
Info (12128): Elaborating entity "AdderCombine" for hierarchy "AdderPrefix:prefix|AdderCombine:step1_chip0" File: D:/Courses/Sem4/cs226_digital_logic/CS254/lab5/AdderPrefix.vhd Line: 29
Info (12128): Elaborating entity "ORMux" for hierarchy "AdderPrefix:prefix|AdderCombine:step1_chip0|ORMux:chip1" File: D:/Courses/Sem4/cs226_digital_logic/CS254/lab5/AdderCombine.vhd Line: 33
Info (12128): Elaborating entity "CarryCalc" for hierarchy "CarryCalc:carryChip" File: D:/Courses/Sem4/cs226_digital_logic/CS254/lab5/EightbitKogStonAddSub.vhd Line: 59
Info (12128): Elaborating entity "CarryHelper" for hierarchy "CarryCalc:carryChip|CarryHelper:chip0" File: D:/Courses/Sem4/cs226_digital_logic/CS254/lab5/Carry.vhd Line: 54
Info (12128): Elaborating entity "VectorXORMux" for hierarchy "VectorXORMux:sumChip" File: D:/Courses/Sem4/cs226_digital_logic/CS254/lab5/EightbitKogStonAddSub.vhd Line: 62
Info (21057): Implemented 63 device resources after synthesis - the final resource count might be different
    Info (21058): Implemented 17 input pins
    Info (21059): Implemented 9 output pins
    Info (21061): Implemented 37 logic cells
Info: Quartus Prime Analysis & Synthesis was successful. 0 errors, 1 warning
    Info: Peak virtual memory: 4763 megabytes
    Info: Processing ended: Sat Mar 13 17:38:35 2021
    Info: Elapsed time: 00:00:11
    Info: Total CPU time (on all processors): 00:00:22


